{
    "-profile test": {
        "content": [
            {
                "FASTQC": {
                    "fastqc": "0.12.1"
                },
                "RSEM_CALCULATEEXPRESSION": {
                    "rsem": "1.3.1",
                    "star": "2.7.10a"
                },
                "RSEM_PREPAREREFERENCE": {
                    "rsem": "1.3.1",
                    "star": "2.7.10a"
                },
                "SAMBAMBA_FLAGSTAT": {
                    "sambamba": "1.0.1"
                },
                "SAMBAMBA_MARKDUP": {
                    "sambamba": "1.0.1"
                },
                "SAMTOOLS_SORT": {
                    "samtools": "1.22.1"
                },
                "STAR_ALIGN": {
                    "star": "2.7.10a",
                    "samtools": 1.21,
                    "gawk": "5.1.0"
                },
                "STAR_GENOMEGENERATE": {
                    "gawk": "5.1.0",
                    "samtools": 1.21,
                    "star": "2.7.10a"
                },
                "Workflow": {
                    "nf-dkfz_rnaseq": "v1.0.0dev"
                }
            },
            [
                "indexes",
                "indexes/rsem",
                "indexes/rsem/genome.transcripts.fa",
                "indexes/rsem/rsem",
                "indexes/rsem/rsem/genome.chrlist",
                "indexes/rsem/rsem/genome.fasta",
                "indexes/rsem/rsem/genome.grp",
                "indexes/rsem/rsem/genome.idx.fa",
                "indexes/rsem/rsem/genome.n2g.idx.fa",
                "indexes/rsem/rsem/genome.seq",
                "indexes/rsem/rsem/genome.ti",
                "indexes/rsem/rsem/genome.transcripts.fa",
                "indexes/star",
                "indexes/star/GRCh38_200",
                "indexes/star/GRCh38_200/star",
                "indexes/star/GRCh38_200/star/Genome",
                "indexes/star/GRCh38_200/star/Log.out",
                "indexes/star/GRCh38_200/star/SA",
                "indexes/star/GRCh38_200/star/SAindex",
                "indexes/star/GRCh38_200/star/chrLength.txt",
                "indexes/star/GRCh38_200/star/chrName.txt",
                "indexes/star/GRCh38_200/star/chrNameLength.txt",
                "indexes/star/GRCh38_200/star/chrStart.txt",
                "indexes/star/GRCh38_200/star/exonGeTrInfo.tab",
                "indexes/star/GRCh38_200/star/exonInfo.tab",
                "indexes/star/GRCh38_200/star/geneInfo.tab",
                "indexes/star/GRCh38_200/star/genomeParameters.txt",
                "indexes/star/GRCh38_200/star/sjdbInfo.txt",
                "indexes/star/GRCh38_200/star/sjdbList.fromGTF.out.tab",
                "indexes/star/GRCh38_200/star/sjdbList.out.tab",
                "indexes/star/GRCh38_200/star/transcriptInfo.tab",
                "multiqc",
                "multiqc/nfdkfz_rnaseq-Analysis-Report_multiqc_report.html",
                "multiqc/nfdkfz_rnaseq-Analysis-Report_multiqc_report_data",
                "multiqc/nfdkfz_rnaseq-Analysis-Report_multiqc_report_data/llms-full.txt",
                "multiqc/nfdkfz_rnaseq-Analysis-Report_multiqc_report_data/multiqc.log",
                "multiqc/nfdkfz_rnaseq-Analysis-Report_multiqc_report_data/multiqc.parquet",
                "multiqc/nfdkfz_rnaseq-Analysis-Report_multiqc_report_data/multiqc_citations.txt",
                "multiqc/nfdkfz_rnaseq-Analysis-Report_multiqc_report_data/multiqc_data.json",
                "multiqc/nfdkfz_rnaseq-Analysis-Report_multiqc_report_data/multiqc_general_stats.txt",
                "multiqc/nfdkfz_rnaseq-Analysis-Report_multiqc_report_data/multiqc_rsem.txt",
                "multiqc/nfdkfz_rnaseq-Analysis-Report_multiqc_report_data/multiqc_samtools_flagstat.txt",
                "multiqc/nfdkfz_rnaseq-Analysis-Report_multiqc_report_data/multiqc_software_versions.txt",
                "multiqc/nfdkfz_rnaseq-Analysis-Report_multiqc_report_data/multiqc_sources.txt",
                "multiqc/nfdkfz_rnaseq-Analysis-Report_multiqc_report_data/multiqc_star.txt",
                "multiqc/nfdkfz_rnaseq-Analysis-Report_multiqc_report_data/rsem_assignment_plot.txt",
                "multiqc/nfdkfz_rnaseq-Analysis-Report_multiqc_report_data/rsem_multimapping_rates.txt",
                "multiqc/nfdkfz_rnaseq-Analysis-Report_multiqc_report_data/samtools-flagstat-pct-table.txt",
                "multiqc/nfdkfz_rnaseq-Analysis-Report_multiqc_report_data/samtools-flagstat-table.txt",
                "multiqc/nfdkfz_rnaseq-Analysis-Report_multiqc_report_data/star_alignment_plot.txt",
                "multiqc/nfdkfz_rnaseq-Analysis-Report_multiqc_report_data/star_summary_table.txt",
                "multiqc/nfdkfz_rnaseq-Analysis-Report_multiqc_report_plots",
                "multiqc/nfdkfz_rnaseq-Analysis-Report_multiqc_report_plots/pdf",
                "multiqc/nfdkfz_rnaseq-Analysis-Report_multiqc_report_plots/pdf/rsem_assignment_plot-cnt.pdf",
                "multiqc/nfdkfz_rnaseq-Analysis-Report_multiqc_report_plots/pdf/rsem_assignment_plot-pct.pdf",
                "multiqc/nfdkfz_rnaseq-Analysis-Report_multiqc_report_plots/pdf/rsem_multimapping_rates.pdf",
                "multiqc/nfdkfz_rnaseq-Analysis-Report_multiqc_report_plots/pdf/samtools-flagstat-pct-table.pdf",
                "multiqc/nfdkfz_rnaseq-Analysis-Report_multiqc_report_plots/pdf/samtools-flagstat-table.pdf",
                "multiqc/nfdkfz_rnaseq-Analysis-Report_multiqc_report_plots/pdf/star_alignment_plot-cnt.pdf",
                "multiqc/nfdkfz_rnaseq-Analysis-Report_multiqc_report_plots/pdf/star_alignment_plot-pct.pdf",
                "multiqc/nfdkfz_rnaseq-Analysis-Report_multiqc_report_plots/pdf/star_summary_table.pdf",
                "multiqc/nfdkfz_rnaseq-Analysis-Report_multiqc_report_plots/png",
                "multiqc/nfdkfz_rnaseq-Analysis-Report_multiqc_report_plots/png/rsem_assignment_plot-cnt.png",
                "multiqc/nfdkfz_rnaseq-Analysis-Report_multiqc_report_plots/png/rsem_assignment_plot-pct.png",
                "multiqc/nfdkfz_rnaseq-Analysis-Report_multiqc_report_plots/png/rsem_multimapping_rates.png",
                "multiqc/nfdkfz_rnaseq-Analysis-Report_multiqc_report_plots/png/samtools-flagstat-pct-table.png",
                "multiqc/nfdkfz_rnaseq-Analysis-Report_multiqc_report_plots/png/samtools-flagstat-table.png",
                "multiqc/nfdkfz_rnaseq-Analysis-Report_multiqc_report_plots/png/star_alignment_plot-cnt.png",
                "multiqc/nfdkfz_rnaseq-Analysis-Report_multiqc_report_plots/png/star_alignment_plot-pct.png",
                "multiqc/nfdkfz_rnaseq-Analysis-Report_multiqc_report_plots/png/star_summary_table.png",
                "multiqc/nfdkfz_rnaseq-Analysis-Report_multiqc_report_plots/svg",
                "multiqc/nfdkfz_rnaseq-Analysis-Report_multiqc_report_plots/svg/rsem_assignment_plot-cnt.svg",
                "multiqc/nfdkfz_rnaseq-Analysis-Report_multiqc_report_plots/svg/rsem_assignment_plot-pct.svg",
                "multiqc/nfdkfz_rnaseq-Analysis-Report_multiqc_report_plots/svg/rsem_multimapping_rates.svg",
                "multiqc/nfdkfz_rnaseq-Analysis-Report_multiqc_report_plots/svg/samtools-flagstat-pct-table.svg",
                "multiqc/nfdkfz_rnaseq-Analysis-Report_multiqc_report_plots/svg/samtools-flagstat-table.svg",
                "multiqc/nfdkfz_rnaseq-Analysis-Report_multiqc_report_plots/svg/star_alignment_plot-cnt.svg",
                "multiqc/nfdkfz_rnaseq-Analysis-Report_multiqc_report_plots/svg/star_alignment_plot-pct.svg",
                "multiqc/nfdkfz_rnaseq-Analysis-Report_multiqc_report_plots/svg/star_summary_table.svg",
                "pipeline_info",
                "pipeline_info/dkfz_rnaseq_software_mqc_versions.yml",
                "test_paired",
                "test_paired/tumor",
                "test_paired/tumor/1",
                "test_paired/tumor/1/fastqc",
                "test_paired/tumor/1/fastqc/test_paired_tumor_rep1_1_fastqc.html",
                "test_paired/tumor/1/fastqc/test_paired_tumor_rep1_1_fastqc.zip",
                "test_paired/tumor/1/fastqc/test_paired_tumor_rep1_2_fastqc.html",
                "test_paired/tumor/1/fastqc/test_paired_tumor_rep1_2_fastqc.zip",
                "test_paired/tumor/1/rsem",
                "test_paired/tumor/1/rsem/test_paired_tumor_rep1.genes.results",
                "test_paired/tumor/1/rsem/test_paired_tumor_rep1.isoforms.results",
                "test_paired/tumor/1/rsem/test_paired_tumor_rep1.stat",
                "test_paired/tumor/1/rsem/test_paired_tumor_rep1.stat/test_paired_tumor_rep1.cnt",
                "test_paired/tumor/1/rsem/test_paired_tumor_rep1.stat/test_paired_tumor_rep1.model",
                "test_paired/tumor/1/rsem/test_paired_tumor_rep1.stat/test_paired_tumor_rep1.theta",
                "test_paired/tumor/1/rsem/test_paired_tumor_rep1.transcript.bam",
                "test_paired/tumor/1/star_alignment",
                "test_paired/tumor/1/star_alignment/test_paired_tumor_rep1.stats",
                "test_paired/tumor/1/star_alignment/test_paired_tumor_rep1_STAR.Aligned.sortedByCoord.out.bam",
                "test_paired/tumor/1/star_alignment/test_paired_tumor_rep1_STAR.Aligned.sortedByCoord.out_markdup.bam",
                "test_paired/tumor/1/star_alignment/test_paired_tumor_rep1_STAR.Aligned.sortedByCoord.out_markdup.bam.bai",
                "test_paired/tumor/1/star_alignment/test_paired_tumor_rep1_STAR.Aligned.toTranscriptome.out.bam",
                "test_paired/tumor/1/star_alignment/test_paired_tumor_rep1_STAR.Aligned.unsort.out.bam",
                "test_paired/tumor/1/star_alignment/test_paired_tumor_rep1_STAR.Chimeric.out.junction",
                "test_paired/tumor/1/star_alignment/test_paired_tumor_rep1_STAR.Chimeric.out.sam",
                "test_paired/tumor/1/star_alignment/test_paired_tumor_rep1_STAR.Chimeric.out_sorted_markdup.bam",
                "test_paired/tumor/1/star_alignment/test_paired_tumor_rep1_STAR.Chimeric.out_sorted_markdup.bam.bai",
                "test_paired/tumor/1/star_alignment/test_paired_tumor_rep1_STAR.Log.final.out",
                "test_paired/tumor/1/star_alignment/test_paired_tumor_rep1_STAR.Log.out",
                "test_paired/tumor/1/star_alignment/test_paired_tumor_rep1_STAR.Log.progress.out",
                "test_paired/tumor/1/star_alignment/test_paired_tumor_rep1_STAR.SJ.out.tab",
                "test_single",
                "test_single/tumor",
                "test_single/tumor/1",
                "test_single/tumor/1/fastqc",
                "test_single/tumor/1/fastqc/test_single_tumor_rep1_fastqc.html",
                "test_single/tumor/1/fastqc/test_single_tumor_rep1_fastqc.zip",
                "test_single/tumor/1/rsem",
                "test_single/tumor/1/rsem/test_single_tumor_rep1.genes.results",
                "test_single/tumor/1/rsem/test_single_tumor_rep1.isoforms.results",
                "test_single/tumor/1/rsem/test_single_tumor_rep1.stat",
                "test_single/tumor/1/rsem/test_single_tumor_rep1.stat/test_single_tumor_rep1.cnt",
                "test_single/tumor/1/rsem/test_single_tumor_rep1.stat/test_single_tumor_rep1.model",
                "test_single/tumor/1/rsem/test_single_tumor_rep1.stat/test_single_tumor_rep1.theta",
                "test_single/tumor/1/rsem/test_single_tumor_rep1.transcript.bam",
                "test_single/tumor/1/star_alignment",
                "test_single/tumor/1/star_alignment/test_single_tumor_rep1.stats",
                "test_single/tumor/1/star_alignment/test_single_tumor_rep1_STAR.Aligned.sortedByCoord.out.bam",
                "test_single/tumor/1/star_alignment/test_single_tumor_rep1_STAR.Aligned.sortedByCoord.out_markdup.bam",
                "test_single/tumor/1/star_alignment/test_single_tumor_rep1_STAR.Aligned.sortedByCoord.out_markdup.bam.bai",
                "test_single/tumor/1/star_alignment/test_single_tumor_rep1_STAR.Aligned.toTranscriptome.out.bam",
                "test_single/tumor/1/star_alignment/test_single_tumor_rep1_STAR.Aligned.unsort.out.bam",
                "test_single/tumor/1/star_alignment/test_single_tumor_rep1_STAR.Chimeric.out.junction",
                "test_single/tumor/1/star_alignment/test_single_tumor_rep1_STAR.Chimeric.out.sam",
                "test_single/tumor/1/star_alignment/test_single_tumor_rep1_STAR.Chimeric.out_sorted_markdup.bam",
                "test_single/tumor/1/star_alignment/test_single_tumor_rep1_STAR.Chimeric.out_sorted_markdup.bam.bai",
                "test_single/tumor/1/star_alignment/test_single_tumor_rep1_STAR.Log.final.out",
                "test_single/tumor/1/star_alignment/test_single_tumor_rep1_STAR.Log.out",
                "test_single/tumor/1/star_alignment/test_single_tumor_rep1_STAR.Log.progress.out",
                "test_single/tumor/1/star_alignment/test_single_tumor_rep1_STAR.SJ.out.tab"
            ]
        ],
        "timestamp": "2026-07-09T11:16:11.274421147",
        "meta": {
            "nf-test": "0.9.4",
            "nextflow": "25.10.4"
        }
    },
    "-profile test -stub": {
        "content": [
            {
                "FASTQC": {
                    "fastqc": "0.12.1"
                },
                "RSEM_CALCULATEEXPRESSION": {
                    "rsem": "1.3.1",
                    "star": "2.7.10a"
                },
                "RSEM_PREPAREREFERENCE": {
                    "rsem": "1.3.1",
                    "star": "2.7.10a"
                },
                "SAMBAMBA_FLAGSTAT": {
                    "sambamba": "1.0.1"
                },
                "SAMBAMBA_MARKDUP": {
                    "sambamba": "1.0.1"
                },
                "SAMTOOLS_SORT": {
                    "samtools": "1.22.1"
                },
                "STAR_ALIGN": {
                    "star": "2.7.10a",
                    "samtools": 1.21,
                    "gawk": "5.1.0"
                },
                "STAR_GENOMEGENERATE": {
                    "gawk": "5.1.0",
                    "samtools": 1.21,
                    "star": "2.7.10a"
                },
                "Workflow": {
                    "nf-dkfz_rnaseq": "v1.0.0dev"
                }
            },
            [
                "indexes",
                "indexes/rsem",
                "indexes/rsem/genome.transcripts.fa",
                "indexes/rsem/rsem",
                "indexes/rsem/rsem/genome.fasta",
                "indexes/star",
                "indexes/star/GRCh38_200",
                "indexes/star/GRCh38_200/star",
                "indexes/star/GRCh38_200/star/Genome",
                "indexes/star/GRCh38_200/star/Log.out",
                "indexes/star/GRCh38_200/star/SA",
                "indexes/star/GRCh38_200/star/SAindex",
                "indexes/star/GRCh38_200/star/chrLength.txt",
                "indexes/star/GRCh38_200/star/chrName.txt",
                "indexes/star/GRCh38_200/star/chrNameLength.txt",
                "indexes/star/GRCh38_200/star/chrStart.txt",
                "indexes/star/GRCh38_200/star/exonGeTrInfo.tab",
                "indexes/star/GRCh38_200/star/exonInfo.tab",
                "indexes/star/GRCh38_200/star/geneInfo.tab",
                "indexes/star/GRCh38_200/star/genomeParameters.txt",
                "indexes/star/GRCh38_200/star/sjdbInfo.txt",
                "indexes/star/GRCh38_200/star/sjdbList.fromGTF.out.tab",
                "indexes/star/GRCh38_200/star/sjdbList.out.tab",
                "indexes/star/GRCh38_200/star/transcriptInfo.tab",
                "multiqc",
                "multiqc/multiqc_data",
                "multiqc/multiqc_plots",
                "multiqc/multiqc_report.html",
                "pipeline_info",
                "pipeline_info/dkfz_rnaseq_software_mqc_versions.yml",
                "test_paired",
                "test_paired/tumor",
                "test_paired/tumor/1",
                "test_paired/tumor/1/fastqc",
                "test_paired/tumor/1/fastqc/test_paired_tumor_rep1.html",
                "test_paired/tumor/1/fastqc/test_paired_tumor_rep1.zip",
                "test_paired/tumor/1/rsem",
                "test_paired/tumor/1/rsem/test_paired_tumor_rep1.genes.results",
                "test_paired/tumor/1/rsem/test_paired_tumor_rep1.genome.bam",
                "test_paired/tumor/1/rsem/test_paired_tumor_rep1.isoforms.results",
                "test_paired/tumor/1/rsem/test_paired_tumor_rep1.log",
                "test_paired/tumor/1/rsem/test_paired_tumor_rep1.stat",
                "test_paired/tumor/1/rsem/test_paired_tumor_rep1.transcript.bam",
                "test_paired/tumor/1/star_alignment",
                "test_paired/tumor/1/star_alignment/test_paired_tumor_rep1.stats",
                "test_paired/tumor/1/star_alignment/test_paired_tumor_rep1_STAR.Aligned.sortedByCoord.out.bam",
                "test_paired/tumor/1/star_alignment/test_paired_tumor_rep1_STAR.Aligned.sortedByCoord.out_markdup.bai",
                "test_paired/tumor/1/star_alignment/test_paired_tumor_rep1_STAR.Aligned.sortedByCoord.out_markdup.bam",
                "test_paired/tumor/1/star_alignment/test_paired_tumor_rep1_STAR.Aligned.unsort.out.bam",
                "test_paired/tumor/1/star_alignment/test_paired_tumor_rep1_STAR.Chimeric.out.junction",
                "test_paired/tumor/1/star_alignment/test_paired_tumor_rep1_STAR.Log.final.out",
                "test_paired/tumor/1/star_alignment/test_paired_tumor_rep1_STAR.Log.out",
                "test_paired/tumor/1/star_alignment/test_paired_tumor_rep1_STAR.Log.progress.out",
                "test_paired/tumor/1/star_alignment/test_paired_tumor_rep1_STAR.ReadsPerGene.out.tab",
                "test_paired/tumor/1/star_alignment/test_paired_tumor_rep1_STAR.SJ.out.tab",
                "test_paired/tumor/1/star_alignment/test_paired_tumor_rep1_STAR.Signal.UniqueMultiple.str1.out.bg",
                "test_paired/tumor/1/star_alignment/test_paired_tumor_rep1_STAR.Signal.UniqueMultiple.str1.out.wig",
                "test_paired/tumor/1/star_alignment/test_paired_tumor_rep1_STAR.out.sam",
                "test_paired/tumor/1/star_alignment/test_paired_tumor_rep1_STAR.out_sorted_markdup.bai",
                "test_paired/tumor/1/star_alignment/test_paired_tumor_rep1_STAR.out_sorted_markdup.bam",
                "test_paired/tumor/1/star_alignment/test_paired_tumor_rep1_STAR.sortedByCoord.out.bam",
                "test_paired/tumor/1/star_alignment/test_paired_tumor_rep1_STAR.tab",
                "test_paired/tumor/1/star_alignment/test_paired_tumor_rep1_STAR.toTranscriptome.out.bam",
                "test_paired/tumor/1/star_alignment/test_paired_tumor_rep1_STAR.unmapped_1.fastq.gz",
                "test_paired/tumor/1/star_alignment/test_paired_tumor_rep1_STAR.unmapped_2.fastq.gz",
                "test_paired/tumor/1/star_alignment/test_paired_tumor_rep1_STARXd.out.bam",
                "test_single",
                "test_single/tumor",
                "test_single/tumor/1",
                "test_single/tumor/1/fastqc",
                "test_single/tumor/1/fastqc/test_single_tumor_rep1.html",
                "test_single/tumor/1/fastqc/test_single_tumor_rep1.zip",
                "test_single/tumor/1/rsem",
                "test_single/tumor/1/rsem/test_single_tumor_rep1.genes.results",
                "test_single/tumor/1/rsem/test_single_tumor_rep1.genome.bam",
                "test_single/tumor/1/rsem/test_single_tumor_rep1.isoforms.results",
                "test_single/tumor/1/rsem/test_single_tumor_rep1.log",
                "test_single/tumor/1/rsem/test_single_tumor_rep1.stat",
                "test_single/tumor/1/rsem/test_single_tumor_rep1.transcript.bam",
                "test_single/tumor/1/star_alignment",
                "test_single/tumor/1/star_alignment/test_single_tumor_rep1.stats",
                "test_single/tumor/1/star_alignment/test_single_tumor_rep1_STAR.Aligned.sortedByCoord.out.bam",
                "test_single/tumor/1/star_alignment/test_single_tumor_rep1_STAR.Aligned.sortedByCoord.out_markdup.bai",
                "test_single/tumor/1/star_alignment/test_single_tumor_rep1_STAR.Aligned.sortedByCoord.out_markdup.bam",
                "test_single/tumor/1/star_alignment/test_single_tumor_rep1_STAR.Aligned.unsort.out.bam",
                "test_single/tumor/1/star_alignment/test_single_tumor_rep1_STAR.Chimeric.out.junction",
                "test_single/tumor/1/star_alignment/test_single_tumor_rep1_STAR.Log.final.out",
                "test_single/tumor/1/star_alignment/test_single_tumor_rep1_STAR.Log.out",
                "test_single/tumor/1/star_alignment/test_single_tumor_rep1_STAR.Log.progress.out",
                "test_single/tumor/1/star_alignment/test_single_tumor_rep1_STAR.ReadsPerGene.out.tab",
                "test_single/tumor/1/star_alignment/test_single_tumor_rep1_STAR.SJ.out.tab",
                "test_single/tumor/1/star_alignment/test_single_tumor_rep1_STAR.Signal.UniqueMultiple.str1.out.bg",
                "test_single/tumor/1/star_alignment/test_single_tumor_rep1_STAR.Signal.UniqueMultiple.str1.out.wig",
                "test_single/tumor/1/star_alignment/test_single_tumor_rep1_STAR.out.sam",
                "test_single/tumor/1/star_alignment/test_single_tumor_rep1_STAR.out_sorted_markdup.bai",
                "test_single/tumor/1/star_alignment/test_single_tumor_rep1_STAR.out_sorted_markdup.bam",
                "test_single/tumor/1/star_alignment/test_single_tumor_rep1_STAR.sortedByCoord.out.bam",
                "test_single/tumor/1/star_alignment/test_single_tumor_rep1_STAR.tab",
                "test_single/tumor/1/star_alignment/test_single_tumor_rep1_STAR.toTranscriptome.out.bam",
                "test_single/tumor/1/star_alignment/test_single_tumor_rep1_STAR.unmapped_1.fastq.gz",
                "test_single/tumor/1/star_alignment/test_single_tumor_rep1_STAR.unmapped_2.fastq.gz",
                "test_single/tumor/1/star_alignment/test_single_tumor_rep1_STARXd.out.bam"
            ]
        ],
        "timestamp": "2026-07-09T11:16:43.626365564",
        "meta": {
            "nf-test": "0.9.4",
            "nextflow": "25.10.4"
        }
    }
}